CREATE ROLE
CREATE ROLE
GRANT
GRANT
GRANT
ALTER DEFAULT PRIVILEGES
TAP version 13
# Subtest: private thread ownership and old-writer fences hold under a non-owner FORCE-RLS role
    # Subtest: the actual role cannot bypass or own the forced invoker policy
    ok 1 - the actual role cannot bypass or own the forced invoker policy
      ---
      duration_ms: 9.6352
      type: 'test'
      ...
    # Subtest: no GUC reveals no protected thread, and an explicit school only reveals its own row
    ok 2 - no GUC reveals no protected thread, and an explicit school only reveals its own row
      ---
      duration_ms: 4.4578
      type: 'test'
      ...
    # Subtest: cross-tenant writes are denied, malformed same-school parents fail and ownership remains immutable
    ok 3 - cross-tenant writes are denied, malformed same-school parents fail and ownership remains immutable
      ---
      duration_ms: 10.4365
      type: 'test'
      ...
    # Subtest: an old image cannot insert unstamped private rows or clear the sticky writer fence
    ok 4 - an old image cannot insert unstamped private rows or clear the sticky writer fence
      ---
      duration_ms: 7.5413
      type: 'test'
      ...
    # Subtest: current stamped writes succeed but another tenant's tuple and retired epochs fail
    ok 5 - current stamped writes succeed but another tenant's tuple and retired epochs fail
      ---
      duration_ms: 13.9109
      type: 'test'
      ...
    1..5
ok 1 - private thread ownership and old-writer fences hold under a non-owner FORCE-RLS role
  ---
  duration_ms: 135.8121
  type: 'test'
  ...
# [Redis] Instance d194b989 starting, Redis URL: NOT configured
# Private lifecycle application posture: restricted
# Subtest: the dark-deployment bridge remains legacy until first adoption, which permanently expires old unstamped replies
ok 2 - the dark-deployment bridge remains legacy until first adoption, which permanently expires old unstamped replies
  ---
  duration_ms: 3776.8788
  type: 'test'
  ...
# Subtest: first adoption serializes a legacy send with existing settings without a lock-order cycle
ok 3 - first adoption serializes a legacy send with existing settings without a lock-order cycle
  ---
  duration_ms: 363.5772
  type: 'test'
  ...
# Subtest: first adoption serializes a legacy claim with existing settings without a lock-order cycle
ok 4 - first adoption serializes a legacy claim with existing settings without a lock-order cycle
  ---
  duration_ms: 282.0922
  type: 'test'
  ...
# Subtest: first adoption serializes a legacy ack with existing settings without a lock-order cycle
ok 5 - first adoption serializes a legacy ack with existing settings without a lock-order cycle
  ---
  duration_ms: 260.7499
  type: 'test'
  ...
# Subtest: the authorized empty roster exposes tokens and activation rejects old writers and mutable message ownership
ok 6 - the authorized empty roster exposes tokens and activation rejects old writers and mutable message ownership
  ---
  duration_ms: 120.4577
  type: 'test'
  ...
# Subtest: a school without legacy settings stays unstamped in the dark bridge and receives the sticky default row on first adoption
ok 7 - a school without legacy settings stays unstamped in the dark bridge and receives the sticky default row on first adoption
  ---
  duration_ms: 290.5469
  type: 'test'
  ...
# Subtest: End permanently expires pending replies, retains history and allows a new explicit generation
ok 8 - End permanently expires pending replies, retains history and allows a new explicit generation
  ---
  duration_ms: 202.2577
  type: 'test'
  ...
# Subtest: school hard-off/on advances its epoch once and never revives queued or attempted private replies
ok 9 - school hard-off/on advances its epoch once and never revives queued or attempted private replies
  ---
  duration_ms: 323.6841
  type: 'test'
  ...
# Subtest: activity hard-off/on has an independent permanent epoch while testing and teacher pauses remain soft
ok 10 - activity hard-off/on has an independent permanent epoch while testing and teacher pauses remain soft
  ---
  duration_ms: 233.2378
  type: 'test'
  ...
# Subtest: the sticky fence survives capability off while cleanup remains available to unsupported recipients
ok 11 - the sticky fence survives capability off while cleanup remains available to unsupported recipients
  ---
  duration_ms: 200.3741
  type: 'test'
  ...
# Subtest: an authorized signed-out recipient can still be ended using its exact token
ok 12 - an authorized signed-out recipient can still be ended using its exact token
  ---
  duration_ms: 163.6344
  type: 'test'
  ...
# Subtest: End preserves already delivered history while expiring another queued reply
ok 13 - End preserves already delivered history while expiring another queued reply
  ---
  duration_ms: 242.3244
  type: 'test'
  ...
# Subtest: student retries echo the current token and an old retry cannot reopen a closed conversation
ok 14 - student retries echo the current token and an old retry cannot reopen a closed conversation
  ---
  duration_ms: 149.7869
  type: 'test'
  ...
# Subtest: reconnect snapshots carry the current school/activity/thread generation without replaying expired private deliveries
ok 15 - reconnect snapshots carry the current school/activity/thread generation without replaying expired private deliveries
  ---
  duration_ms: 178.4709
  type: 'test'
  ...
# Subtest: real PG close-first race serializes End and send at the same student/thread fence
ok 16 - real PG close-first race serializes End and send at the same student/thread fence
  ---
  duration_ms: 174.9101
  type: 'test'
  ...
# Subtest: real PG send-first race serializes End and send at the same student/thread fence
ok 17 - real PG send-first race serializes End and send at the same student/thread fence
  ---
  duration_ms: 190.8416
  type: 'test'
  ...
# Subtest: real PG close-first race serializes End and ack at the same student/thread fence
ok 18 - real PG close-first race serializes End and ack at the same student/thread fence
  ---
  duration_ms: 189.5107
  type: 'test'
  ...
# Subtest: real PG ack-first race serializes End and ack at the same student/thread fence
ok 19 - real PG ack-first race serializes End and ack at the same student/thread fence
  ---
  duration_ms: 214.4296
  type: 'test'
  ...
# Subtest: changing the signed-in student on the same device cannot receive or ACK the previous student's private reply
ok 20 - changing the signed-in student on the same device cannot receive or ACK the previous student's private reply
  ---
  duration_ms: 243.8545
  type: 'test'
  ...
# Subtest: a claim already in its native transaction finishes before End commits; its late ACK is permanently refused
ok 21 - a claim already in its native transaction finishes before End commits; its late ACK is permanently refused
  ---
  duration_ms: 159.363
  type: 'test'
  ...
# Subtest: school hard-off racing send is observed after the actual settings-row lock wait
ok 22 - school hard-off racing send is observed after the actual settings-row lock wait
  ---
  duration_ms: 123.8788
  type: 'test'
  ...
# Subtest: school hard-off racing claim is observed after the actual settings-row lock wait
ok 23 - school hard-off racing claim is observed after the actual settings-row lock wait
  ---
  duration_ms: 135.0093
  type: 'test'
  ...
# Subtest: school hard-off racing ack is observed after the actual settings-row lock wait
ok 24 - school hard-off racing ack is observed after the actual settings-row lock wait
  ---
  duration_ms: 112.7466
  type: 'test'
  ...
# [WS-Local] No exact student-binding socket available for teacher-message
# Subtest: ANNOUNCEMENTS retain their independent exact-student inbox while the private channel is hard-off
ok 25 - ANNOUNCEMENTS retain their independent exact-student inbox while the private channel is hard-off
  ---
  duration_ms: 211.7464
  type: 'test'
  ...
# Subtest: a released and reclaimed scheduled assignment gets a new protected thread and cannot revive its old queued reply
ok 26 - a released and reclaimed scheduled assignment gets a new protected thread and cannot revive its old queued reply
  ---
  duration_ms: 279.5999
  type: 'test'
  ...
# Subtest: a student binding transfer refuses the old device's ACK and reconnects the current generation to the new exact binding
ok 27 - a student binding transfer refuses the old device's ACK and reconnects the current generation to the new exact binding
  ---
  duration_ms: 177.66
  type: 'test'
  ...
# [WS-Local] Sent exact student-binding teacher-message
# Subtest: Redis private relay delivers a current durable attempt, but End rejects its delayed predecessor on the same live binding
ok 28 - Redis private relay delivers a current durable attempt, but End rejects its delayed predecessor on the same live binding
  ---
  duration_ms: 249.2744
  type: 'test'
  ...
# [WS-Local] Sent exact student-binding teacher-message
# Subtest: Redis private relay positively delivers a current live durable attempt
ok 29 - Redis private relay positively delivers a current live durable attempt
  ---
  duration_ms: 134.0015
  type: 'test'
  ...
# [WS-Local] Sent exact student-binding teacher-message
# Subtest: Redis private relay positively delivers a current scheduled durable attempt
ok 30 - Redis private relay positively delivers a current scheduled durable attempt
  ---
  duration_ms: 112.0825
  type: 'test'
  ...
# [WS-Local] Sent exact student-binding teacher-message
# [WS-Local] Sent exact student-binding teacher-message
# Subtest: Redis private relay refuses delayed school hard-off/on frames while ANNOUNCEMENTS remain independent
ok 31 - Redis private relay refuses delayed school hard-off/on frames while ANNOUNCEMENTS remain independent
  ---
  duration_ms: 323.1918
  type: 'test'
  ...
# [WS-Local] Sent exact student-binding teacher-message
# [WS-Local] Sent exact student-binding teacher-message
# Subtest: Redis private relay refuses delayed activity hard-off/on frames while ANNOUNCEMENTS remain independent
ok 32 - Redis private relay refuses delayed activity hard-off/on frames while ANNOUNCEMENTS remain independent
  ---
  duration_ms: 477.4452
  type: 'test'
  ...
# Subtest: Redis private relay verifies durable message IDs, content, scope, lifecycle and attempted binding rather than trusting its envelope
    # Subtest: missing lifecycle
    ok 1 - missing lifecycle
      ---
      duration_ms: 185.088
      type: 'test'
      ...
    # Subtest: forged generation
    ok 2 - forged generation
      ---
      duration_ms: 204.834
      type: 'test'
      ...
    # Subtest: wrong lifecycle thread
    ok 3 - wrong lifecycle thread
      ---
      duration_ms: 147.7377
      type: 'test'
      ...
    # Subtest: private announcement disguise
    ok 4 - private announcement disguise
      ---
      duration_ms: 136.3428
      type: 'test'
      ...
    # Subtest: unknown message
    ok 5 - unknown message
      ---
      duration_ms: 100.3274
      type: 'test'
      ...
    # Subtest: conflicting message IDs
    ok 6 - conflicting message IDs
      ---
      duration_ms: 92.6966
      type: 'test'
      ...
    # Subtest: wrong student
    ok 7 - wrong student
      ---
      duration_ms: 88.1685
      type: 'test'
      ...
    # Subtest: wrong session
    ok 8 - wrong session
      ---
      duration_ms: 93.6629
      type: 'test'
      ...
    # Subtest: wrong activity
    ok 9 - wrong activity
      ---
      duration_ms: 107.6788
      type: 'test'
      ...
    # Subtest: extra activity
    ok 10 - extra activity
      ---
      duration_ms: 107.7639
      type: 'test'
      ...
    # Subtest: changed content
    ok 11 - changed content
      ---
      duration_ms: 85.899
      type: 'test'
      ...
    # Subtest: missing message ID
    ok 12 - missing message ID
      ---
      duration_ms: 87.2469
      type: 'test'
      ...
    # Subtest: wrong attempted binding
    ok 13 - wrong attempted binding
      ---
      duration_ms: 125.5538
      type: 'test'
      ...
    # Subtest: expired attempt
    ok 14 - expired attempt
      ---
      duration_ms: 99.076
      type: 'test'
      ...
    1..14
ok 33 - Redis private relay verifies durable message IDs, content, scope, lifecycle and attempted binding rather than trusting its envelope
  ---
  duration_ms: 1673.7755
  type: 'test'
  ...
# [WS-Local] Exact student-binding target unavailable for teacher-message
# [WS-Local] Sent exact student-binding teacher-message
# [WS-Local] Sent exact student-binding teacher-message
# Subtest: Redis private relay cannot waive local socket lifecycle capability with an empty envelope requirement
ok 34 - Redis private relay cannot waive local socket lifecycle capability with an empty envelope requirement
  ---
  duration_ms: 137.231
  type: 'test'
  ...
# Subtest: Redis private relay waits for a racing school hard-off commit before local delivery
ok 35 - Redis private relay waits for a racing school hard-off commit before local delivery
  ---
  duration_ms: 116.7074
  type: 'test'
  ...
# Subtest: Redis private relay rechecks the real expiry after a held final exact-binding SELECT
ok 36 - Redis private relay rechecks the real expiry after a held final exact-binding SELECT
  ---
  duration_ms: 3091.9674
  type: 'test'
  ...
# {"_aws":{"Timestamp":1790966183420,"CloudWatchMetrics":[{"Namespace":"SchoolPilot/Monitoring","Dimensions":[["Environment","Service"]],"Metrics":[{"Name":"MonitorCapturedInterval","Unit":"Count"},{"Name":"MonitorPersistedInterval","Unit":"Count"},{"Name":"MonitorPersistFailedInterval","Unit":"Count"},{"Name":"MonitorDroppedInterval","Unit":"Count"},{"Name":"MonitorAlertAttemptedInterval","Unit":"Count"},{"Name":"MonitorAlertDeliveredInterval","Unit":"Count"},{"Name":"MonitorAlertFailedInterval","Unit":"Count"},{"Name":"MonitorCooldownSuppressedInterval","Unit":"Count"},{"Name":"FatalProcessErrorMonitorCapturedInterval","Unit":"Count"},{"Name":"ApiErrorMonitorCapturedInterval","Unit":"Count"},{"Name":"ClientErrorMonitorCapturedInterval","Unit":"Count"},{"Name":"SchedulerFailureMonitorCapturedInterval","Unit":"Count"},{"Name":"EmailFailureMonitorCapturedInterval","Unit":"Count"},{"Name":"WebsocketErrorMonitorCapturedInterval","Unit":"Count"},{"Name":"SecurityEventMonitorCapturedInterval","Unit":"Count"},{"Name":"DatabaseConnectivityMonitorCapturedInterval","Unit":"Count"},{"Name":"HealthFailureMonitorCapturedInterval","Unit":"Count"},{"Name":"BrowserRuntimeErrorMonitorCapturedInterval","Unit":"Count"},{"Name":"ExtensionRuntimeErrorMonitorCapturedInterval","Unit":"Count"},{"Name":"StaffIdentityIntegrityMonitorCapturedInterval","Unit":"Count"},{"Name":"StaffLifecycleGuardViolationMonitorCapturedInterval","Unit":"Count"}]}]},"Environment":"development","Service":"scheduler-worker","InstanceId":"e28599fd-84da-424a-9758-08b17e03f2da","Release":"1.0.0","MonitorCaptured":0,"MonitorCapturedInterval":0,"MonitorPersisted":0,"MonitorPersistedInterval":0,"MonitorPersistFailed":0,"MonitorPersistFailedInterval":0,"MonitorDropped":0,"MonitorDroppedInterval":0,"MonitorAlertAttempted":0,"MonitorAlertAttemptedInterval":0,"MonitorAlertDelivered":0,"MonitorAlertDeliveredInterval":0,"MonitorAlertFailed":0,"MonitorAlertFailedInterval":0,"MonitorCooldownSuppressed":0,"MonitorCooldownSuppressedInterval":0,"FatalProcessErrorMonitorCapturedInterval":0,"ApiErrorMonitorCapturedInterval":0,"ClientErrorMonitorCapturedInterval":0,"SchedulerFailureMonitorCapturedInterval":0,"EmailFailureMonitorCapturedInterval":0,"WebsocketErrorMonitorCapturedInterval":0,"SecurityEventMonitorCapturedInterval":0,"DatabaseConnectivityMonitorCapturedInterval":0,"HealthFailureMonitorCapturedInterval":0,"BrowserRuntimeErrorMonitorCapturedInterval":0,"ExtensionRuntimeErrorMonitorCapturedInterval":0,"StaffIdentityIntegrityMonitorCapturedInterval":0,"StaffLifecycleGuardViolationMonitorCapturedInterval":0,"ActiveFingerprints":0}
1..36
# tests 55
# suites 0
# pass 55
# fail 0
# cancelled 0
# skipped 0
# todo 0
# duration_ms 23246.3034
ALTER DEFAULT PRIVILEGES
DROP OWNED
DROP ROLE
REASSIGN OWNED
DROP ROLE
